<?xml version="1.0" encoding="utf-8"?><testsuites name="pytest tests"><testsuite name="pytest" errors="0" failures="0" skipped="0" tests="0" time="0.013" timestamp="2025-11-27T20:56:14.680367+00:00" hostname="codespaces-048644" /></testsuites>